// Vitest Snapshot v1, https://vitest.dev/guide/snapshot.html

exports[`downloadTemplate > clone unjs/template#e24616c using git provider (specific commit) 1`] = `
[
  "LICENSE",
  "README.md",
  "package.json",
  "renovate.json",
  "src",
  "src/index.ts",
  "test",
  "test/index.test.ts",
  "tsconfig.json",
]
`;
